// Jest Snapshot v1, https://goo.gl/fbAQLP

exports[`<ManageNotes /> should render correctly 1`] = `
<View
  style={
    {
      "alignItems": "center",
      "flex": 1,
      "justifyContent": "space-around",
      "position": "relative",
    }
  }
>
  <Text>
    Manage Notes Page
  </Text>
  <View />
  <View
    accessibilityState={
      {
        "busy": undefined,
        "checked": undefined,
        "disabled": undefined,
        "expanded": undefined,
        "selected": undefined,
      }
    }
    accessibilityValue={
      {
        "max": undefined,
        "min": undefined,
        "now": undefined,
        "text": undefined,
      }
    }
    accessible={true}
    collapsable={false}
    focusable={true}
    onClick={[Function]}
    onResponderGrant={[Function]}
    onResponderMove={[Function]}
    onResponderRelease={[Function]}
    onResponderTerminate={[Function]}
    onResponderTerminationRequest={[Function]}
    onStartShouldSetResponder={[Function]}
    style={
      {
        "alignItems": "center",
        "backgroundColor": "#EE8434",
        "borderRadius": 8,
        "display": "flex",
        "justifyContent": "center",
        "opacity": 1,
        "paddingVertical": 24,
        "width": "90%",
      }
    }
  >
    <Text
      style={
        {
          "color": "white",
          "fontSize": 18,
        }
      }
    >
      Add Note
    </Text>
  </View>
</View>
`;
